#-----------------------------------------------------------
# Vivado v2017.2 (64-bit)
# SW Build 1909853 on Thu Jun 15 18:39:09 MDT 2017
# IP Build 1909766 on Thu Jun 15 19:58:00 MDT 2017
# Start of session at: Wed Oct  2 12:20:34 2024
# Process ID: 24976
# Current directory: C:/home/university/7-semester/embedded-rt-systems-assignments/assignment_2/lab4
# Command line: vivado.exe -gui_launcher_event rodinguilauncherevent1800 C:\home\university\7-semester\embedded-rt-systems-assignments\assignment_2\lab4\lab4.xpr
# Log file: C:/home/university/7-semester/embedded-rt-systems-assignments/assignment_2/lab4/vivado.log
# Journal file: C:/home/university/7-semester/embedded-rt-systems-assignments/assignment_2/lab4\vivado.jou
#-----------------------------------------------------------
start_gui
open_project C:/home/university/7-semester/embedded-rt-systems-assignments/assignment_2/lab4/lab4.xpr
update_compile_order -fileset sources_1
launch_sdk -workspace C:/home/university/7-semester/embedded-rt-systems-assignments/assignment_2/lab4/lab4.sdk -hwspec C:/home/university/7-semester/embedded-rt-systems-assignments/assignment_2/lab4/lab4.sdk/system_wrapper.hdf
launch_sdk -workspace C:/home/university/7-semester/embedded-rt-systems-assignments/assignment_2/lab4/lab4.sdk -hwspec C:/home/university/7-semester/embedded-rt-systems-assignments/assignment_2/lab4/lab4.sdk/system_wrapper.hdf
